// Jest Snapshot v1, https://goo.gl/fbAQLP

exports[`Form matches snapshot 1`] = `
<div>
  <form
    class="form"
  >
    <fieldset>
      <legend>
        LET'S GET STARTED
      </legend>
      <label
        data-for="text"
        for="businessName"
      >
        Business Name
         
      </label>
      <input
        class="input text"
        id="businessName"
        type="text"
      />
      <div
        class="invalidMsg"
      >
        <p />
      </div>
      <label
        data-for="text"
        for="email"
      >
        Business Email
         
      </label>
      <input
        class="input text"
        id="email"
        type="text"
      />
      <div
        class="invalidMsg"
      >
        <p />
      </div>
      <label
        data-for="text"
        for="username"
      >
        Create a Username
         
      </label>
      <input
        class="input text"
        id="username"
        type="text"
      />
      <div
        class="invalidMsg"
      >
        <p />
      </div>
      <label
        data-for="password"
        for="password"
      >
        Password
         
        <span>
          6 characters | 1 uppercase | 1 lowercase | 1 digit
        </span>
      </label>
      <input
        class="input password"
        id="password"
        type="password"
      />
      <div
        class="invalidMsg"
      >
        <p />
      </div>
      <label
        data-for="text"
        for="website"
      >
        Website
         
        <span>
          (Optional)
        </span>
      </label>
      <input
        class="input text"
        id="website"
        type="text"
      />
      <div
        class="invalidMsg"
      >
        <p />
      </div>
      <label
        for="businessType"
      >
        Type of Business
      </label>
      <select
        class="select"
        id="businessType"
      >
        <option
          disabled=""
          id="disabled"
          selected=""
          value=""
        >
          Select your business
        </option>
        <option
          value="Logistics"
        >
          Logistics
        </option>
        <option
          value="E-Commerce"
        >
          E-Commerce
        </option>
        <option
          value="Tech"
        >
          Tech
        </option>
        <option
          value="Retail"
        >
          Retail
        </option>
        <option
          value="Other"
        >
          Other
        </option>
      </select>
      <label
        data-for="checkbox"
        for="terms"
      >
        Terms of Service
         
      </label>
      <input
        class="input checkbox"
        id="terms"
        type="checkbox"
      />
      <p
        class="checkBoxDescription"
      >
        I have read and I do accept 
        <a
          href="/"
        >
          terms of services
        </a>
      </p>
      <label
        data-for="checkbox"
        for="policy"
      >
        Privacy Policy
         
      </label>
      <input
        class="input checkbox"
        id="policy"
        type="checkbox"
      />
      <p
        class="checkBoxDescription"
      >
        I have read and I do accept 
        <a
          href="/"
        >
          privacy policy
        </a>
      </p>
      <button
        class="btn"
        type="submit"
      >
        Register
      </button>
    </fieldset>
  </form>
</div>
`;
